Loaded suite c:/Ruby192/lib/ruby/gems/1.9.1/gems/rake-0.9.2.2/lib/rake/rake_test_loader
Started

Finished in 0.003000 seconds.

0 tests, 0 assertions, 0 failures, 0 errors, 0 skips

Test run options: --seed 16551
Loaded suite c:/Ruby192/lib/ruby/gems/1.9.1/gems/rake-0.9.2.2/lib/rake/rake_test_loader
Started
EEEEEEEEEEEEEEEEEEEEEEEEEEEE.EEFFFFFF
Finished in 12.559256 seconds.

  1) Error:
test_should_create_admin_data_table(Admin::DataTablesControllerTest):
NoMethodError: undefined method `admin_data_tables' for #<Admin::DataTablesControllerTest:0x5a7cc38>
    c:/Ruby192/lib/ruby/gems/1.9.1/gems/actionpack-3.2.2/lib/action_dispatch/testing/assertions/routing.rb:176:in `method_missing'
    u:/tc-alr/test/functional/admin/data_tables_controller_test.rb:5:in `block in <class:DataTablesControllerTest>'
    c:/Ruby192/lib/ruby/gems/1.9.1/gems/activesupport-3.2.2/lib/active_support/callbacks.rb:484:in `_run__673096509__setup__546489260__callbacks'
    c:/Ruby192/lib/ruby/gems/1.9.1/gems/activesupport-3.2.2/lib/active_support/callbacks.rb:405:in `__run_callback'
    c:/Ruby192/lib/ruby/gems/1.9.1/gems/activesupport-3.2.2/lib/active_support/callbacks.rb:385:in `_run_setup_callbacks'
    c:/Ruby192/lib/ruby/gems/1.9.1/gems/activesupport-3.2.2/lib/active_support/callbacks.rb:81:in `run_callbacks'
    c:/Ruby192/lib/ruby/gems/1.9.1/gems/activesupport-3.2.2/lib/active_support/testing/setup_and_teardown.rb:34:in `run'

  2) Error:
test_should_destroy_admin_data_table(Admin::DataTablesControllerTest):
NoMethodError: undefined method `admin_data_tables' for #<Admin::DataTablesControllerTest:0x5709bb8>
    c:/Ruby192/lib/ruby/gems/1.9.1/gems/actionpack-3.2.2/lib/action_dispatch/testing/assertions/routing.rb:176:in `method_missing'
    u:/tc-alr/test/functional/admin/data_tables_controller_test.rb:5:in `block in <class:DataTablesControllerTest>'
    c:/Ruby192/lib/ruby/gems/1.9.1/gems/activesupport-3.2.2/lib/active_support/callbacks.rb:484:in `_run__673096509__setup__546489260__callbacks'
    c:/Ruby192/lib/ruby/gems/1.9.1/gems/activesupport-3.2.2/lib/active_support/callbacks.rb:405:in `__run_callback'
    c:/Ruby192/lib/ruby/gems/1.9.1/gems/activesupport-3.2.2/lib/active_support/callbacks.rb:385:in `_run_setup_callbacks'
    c:/Ruby192/lib/ruby/gems/1.9.1/gems/activesupport-3.2.2/lib/active_support/callbacks.rb:81:in `run_callbacks'
    c:/Ruby192/lib/ruby/gems/1.9.1/gems/activesupport-3.2.2/lib/active_support/testing/setup_and_teardown.rb:34:in `run'

  3) Error:
test_should_get_edit(Admin::DataTablesControllerTest):
NoMethodError: undefined method `admin_data_tables' for #<Admin::DataTablesControllerTest:0x64fb828>
    c:/Ruby192/lib/ruby/gems/1.9.1/gems/actionpack-3.2.2/lib/action_dispatch/testing/assertions/routing.rb:176:in `method_missing'
    u:/tc-alr/test/functional/admin/data_tables_controller_test.rb:5:in `block in <class:DataTablesControllerTest>'
    c:/Ruby192/lib/ruby/gems/1.9.1/gems/activesupport-3.2.2/lib/active_support/callbacks.rb:484:in `_run__673096509__setup__546489260__callbacks'
    c:/Ruby192/lib/ruby/gems/1.9.1/gems/activesupport-3.2.2/lib/active_support/callbacks.rb:405:in `__run_callback'
    c:/Ruby192/lib/ruby/gems/1.9.1/gems/activesupport-3.2.2/lib/active_support/callbacks.rb:385:in `_run_setup_callbacks'
    c:/Ruby192/lib/ruby/gems/1.9.1/gems/activesupport-3.2.2/lib/active_support/callbacks.rb:81:in `run_callbacks'
    c:/Ruby192/lib/ruby/gems/1.9.1/gems/activesupport-3.2.2/lib/active_support/testing/setup_and_teardown.rb:34:in `run'

  4) Error:
test_should_get_index(Admin::DataTablesControllerTest):
NoMethodError: undefined method `admin_data_tables' for #<Admin::DataTablesControllerTest:0x59cb8f0>
    c:/Ruby192/lib/ruby/gems/1.9.1/gems/actionpack-3.2.2/lib/action_dispatch/testing/assertions/routing.rb:176:in `method_missing'
    u:/tc-alr/test/functional/admin/data_tables_controller_test.rb:5:in `block in <class:DataTablesControllerTest>'
    c:/Ruby192/lib/ruby/gems/1.9.1/gems/activesupport-3.2.2/lib/active_support/callbacks.rb:484:in `_run__673096509__setup__546489260__callbacks'
    c:/Ruby192/lib/ruby/gems/1.9.1/gems/activesupport-3.2.2/lib/active_support/callbacks.rb:405:in `__run_callback'
    c:/Ruby192/lib/ruby/gems/1.9.1/gems/activesupport-3.2.2/lib/active_support/callbacks.rb:385:in `_run_setup_callbacks'
    c:/Ruby192/lib/ruby/gems/1.9.1/gems/activesupport-3.2.2/lib/active_support/callbacks.rb:81:in `run_callbacks'
    c:/Ruby192/lib/ruby/gems/1.9.1/gems/activesupport-3.2.2/lib/active_support/testing/setup_and_teardown.rb:34:in `run'

  5) Error:
test_should_get_new(Admin::DataTablesControllerTest):
NoMethodError: undefined method `admin_data_tables' for #<Admin::DataTablesControllerTest:0x52f40e8>
    c:/Ruby192/lib/ruby/gems/1.9.1/gems/actionpack-3.2.2/lib/action_dispatch/testing/assertions/routing.rb:176:in `method_missing'
    u:/tc-alr/test/functional/admin/data_tables_controller_test.rb:5:in `block in <class:DataTablesControllerTest>'
    c:/Ruby192/lib/ruby/gems/1.9.1/gems/activesupport-3.2.2/lib/active_support/callbacks.rb:484:in `_run__673096509__setup__546489260__callbacks'
    c:/Ruby192/lib/ruby/gems/1.9.1/gems/activesupport-3.2.2/lib/active_support/callbacks.rb:405:in `__run_callback'
    c:/Ruby192/lib/ruby/gems/1.9.1/gems/activesupport-3.2.2/lib/active_support/callbacks.rb:385:in `_run_setup_callbacks'
    c:/Ruby192/lib/ruby/gems/1.9.1/gems/activesupport-3.2.2/lib/active_support/callbacks.rb:81:in `run_callbacks'
    c:/Ruby192/lib/ruby/gems/1.9.1/gems/activesupport-3.2.2/lib/active_support/testing/setup_and_teardown.rb:34:in `run'

  6) Error:
test_should_show_admin_data_table(Admin::DataTablesControllerTest):
NoMethodError: undefined method `admin_data_tables' for #<Admin::DataTablesControllerTest:0x531ffc0>
    c:/Ruby192/lib/ruby/gems/1.9.1/gems/actionpack-3.2.2/lib/action_dispatch/testing/assertions/routing.rb:176:in `method_missing'
    u:/tc-alr/test/functional/admin/data_tables_controller_test.rb:5:in `block in <class:DataTablesControllerTest>'
    c:/Ruby192/lib/ruby/gems/1.9.1/gems/activesupport-3.2.2/lib/active_support/callbacks.rb:484:in `_run__673096509__setup__546489260__callbacks'
    c:/Ruby192/lib/ruby/gems/1.9.1/gems/activesupport-3.2.2/lib/active_support/callbacks.rb:405:in `__run_callback'
    c:/Ruby192/lib/ruby/gems/1.9.1/gems/activesupport-3.2.2/lib/active_support/callbacks.rb:385:in `_run_setup_callbacks'
    c:/Ruby192/lib/ruby/gems/1.9.1/gems/activesupport-3.2.2/lib/active_support/callbacks.rb:81:in `run_callbacks'
    c:/Ruby192/lib/ruby/gems/1.9.1/gems/activesupport-3.2.2/lib/active_support/testing/setup_and_teardown.rb:34:in `run'

  7) Error:
test_should_update_admin_data_table(Admin::DataTablesControllerTest):
NoMethodError: undefined method `admin_data_tables' for #<Admin::DataTablesControllerTest:0x53a0b58>
    c:/Ruby192/lib/ruby/gems/1.9.1/gems/actionpack-3.2.2/lib/action_dispatch/testing/assertions/routing.rb:176:in `method_missing'
    u:/tc-alr/test/functional/admin/data_tables_controller_test.rb:5:in `block in <class:DataTablesControllerTest>'
    c:/Ruby192/lib/ruby/gems/1.9.1/gems/activesupport-3.2.2/lib/active_support/callbacks.rb:484:in `_run__673096509__setup__546489260__callbacks'
    c:/Ruby192/lib/ruby/gems/1.9.1/gems/activesupport-3.2.2/lib/active_support/callbacks.rb:405:in `__run_callback'
    c:/Ruby192/lib/ruby/gems/1.9.1/gems/activesupport-3.2.2/lib/active_support/callbacks.rb:385:in `_run_setup_callbacks'
    c:/Ruby192/lib/ruby/gems/1.9.1/gems/activesupport-3.2.2/lib/active_support/callbacks.rb:81:in `run_callbacks'
    c:/Ruby192/lib/ruby/gems/1.9.1/gems/activesupport-3.2.2/lib/active_support/testing/setup_and_teardown.rb:34:in `run'

  8) Error:
test_should_create_admin_dimension(Admin::DimensionsControllerTest):
NoMethodError: undefined method `admin_dimensions' for #<Admin::DimensionsControllerTest:0x54bd9d8>
    c:/Ruby192/lib/ruby/gems/1.9.1/gems/actionpack-3.2.2/lib/action_dispatch/testing/assertions/routing.rb:176:in `method_missing'
    u:/tc-alr/test/functional/admin/dimensions_controller_test.rb:5:in `block in <class:DimensionsControllerTest>'
    c:/Ruby192/lib/ruby/gems/1.9.1/gems/activesupport-3.2.2/lib/active_support/callbacks.rb:484:in `_run__944873466__setup__546489260__callbacks'
    c:/Ruby192/lib/ruby/gems/1.9.1/gems/activesupport-3.2.2/lib/active_support/callbacks.rb:405:in `__run_callback'
    c:/Ruby192/lib/ruby/gems/1.9.1/gems/activesupport-3.2.2/lib/active_support/callbacks.rb:385:in `_run_setup_callbacks'
    c:/Ruby192/lib/ruby/gems/1.9.1/gems/activesupport-3.2.2/lib/active_support/callbacks.rb:81:in `run_callbacks'
    c:/Ruby192/lib/ruby/gems/1.9.1/gems/activesupport-3.2.2/lib/active_support/testing/setup_and_teardown.rb:34:in `run'

  9) Error:
test_should_destroy_admin_dimension(Admin::DimensionsControllerTest):
NoMethodError: undefined method `admin_dimensions' for #<Admin::DimensionsControllerTest:0x5b2b748>
    c:/Ruby192/lib/ruby/gems/1.9.1/gems/actionpack-3.2.2/lib/action_dispatch/testing/assertions/routing.rb:176:in `method_missing'
    u:/tc-alr/test/functional/admin/dimensions_controller_test.rb:5:in `block in <class:DimensionsControllerTest>'
    c:/Ruby192/lib/ruby/gems/1.9.1/gems/activesupport-3.2.2/lib/active_support/callbacks.rb:484:in `_run__944873466__setup__546489260__callbacks'
    c:/Ruby192/lib/ruby/gems/1.9.1/gems/activesupport-3.2.2/lib/active_support/callbacks.rb:405:in `__run_callback'
    c:/Ruby192/lib/ruby/gems/1.9.1/gems/activesupport-3.2.2/lib/active_support/callbacks.rb:385:in `_run_setup_callbacks'
    c:/Ruby192/lib/ruby/gems/1.9.1/gems/activesupport-3.2.2/lib/active_support/callbacks.rb:81:in `run_callbacks'
    c:/Ruby192/lib/ruby/gems/1.9.1/gems/activesupport-3.2.2/lib/active_support/testing/setup_and_teardown.rb:34:in `run'

 10) Error:
test_should_get_edit(Admin::DimensionsControllerTest):
NoMethodError: undefined method `admin_dimensions' for #<Admin::DimensionsControllerTest:0x57fe088>
    c:/Ruby192/lib/ruby/gems/1.9.1/gems/actionpack-3.2.2/lib/action_dispatch/testing/assertions/routing.rb:176:in `method_missing'
    u:/tc-alr/test/functional/admin/dimensions_controller_test.rb:5:in `block in <class:DimensionsControllerTest>'
    c:/Ruby192/lib/ruby/gems/1.9.1/gems/activesupport-3.2.2/lib/active_support/callbacks.rb:484:in `_run__944873466__setup__546489260__callbacks'
    c:/Ruby192/lib/ruby/gems/1.9.1/gems/activesupport-3.2.2/lib/active_support/callbacks.rb:405:in `__run_callback'
    c:/Ruby192/lib/ruby/gems/1.9.1/gems/activesupport-3.2.2/lib/active_support/callbacks.rb:385:in `_run_setup_callbacks'
    c:/Ruby192/lib/ruby/gems/1.9.1/gems/activesupport-3.2.2/lib/active_support/callbacks.rb:81:in `run_callbacks'
    c:/Ruby192/lib/ruby/gems/1.9.1/gems/activesupport-3.2.2/lib/active_support/testing/setup_and_teardown.rb:34:in `run'

 11) Error:
test_should_get_index(Admin::DimensionsControllerTest):
NoMethodError: undefined method `admin_dimensions' for #<Admin::DimensionsControllerTest:0x65b0bc0>
    c:/Ruby192/lib/ruby/gems/1.9.1/gems/actionpack-3.2.2/lib/action_dispatch/testing/assertions/routing.rb:176:in `method_missing'
    u:/tc-alr/test/functional/admin/dimensions_controller_test.rb:5:in `block in <class:DimensionsControllerTest>'
    c:/Ruby192/lib/ruby/gems/1.9.1/gems/activesupport-3.2.2/lib/active_support/callbacks.rb:484:in `_run__944873466__setup__546489260__callbacks'
    c:/Ruby192/lib/ruby/gems/1.9.1/gems/activesupport-3.2.2/lib/active_support/callbacks.rb:405:in `__run_callback'
    c:/Ruby192/lib/ruby/gems/1.9.1/gems/activesupport-3.2.2/lib/active_support/callbacks.rb:385:in `_run_setup_callbacks'
    c:/Ruby192/lib/ruby/gems/1.9.1/gems/activesupport-3.2.2/lib/active_support/callbacks.rb:81:in `run_callbacks'
    c:/Ruby192/lib/ruby/gems/1.9.1/gems/activesupport-3.2.2/lib/active_support/testing/setup_and_teardown.rb:34:in `run'

 12) Error:
test_should_get_new(Admin::DimensionsControllerTest):
NoMethodError: undefined method `admin_dimensions' for #<Admin::DimensionsControllerTest:0x59d02a0>
    c:/Ruby192/lib/ruby/gems/1.9.1/gems/actionpack-3.2.2/lib/action_dispatch/testing/assertions/routing.rb:176:in `method_missing'
    u:/tc-alr/test/functional/admin/dimensions_controller_test.rb:5:in `block in <class:DimensionsControllerTest>'
    c:/Ruby192/lib/ruby/gems/1.9.1/gems/activesupport-3.2.2/lib/active_support/callbacks.rb:484:in `_run__944873466__setup__546489260__callbacks'
    c:/Ruby192/lib/ruby/gems/1.9.1/gems/activesupport-3.2.2/lib/active_support/callbacks.rb:405:in `__run_callback'
    c:/Ruby192/lib/ruby/gems/1.9.1/gems/activesupport-3.2.2/lib/active_support/callbacks.rb:385:in `_run_setup_callbacks'
    c:/Ruby192/lib/ruby/gems/1.9.1/gems/activesupport-3.2.2/lib/active_support/callbacks.rb:81:in `run_callbacks'
    c:/Ruby192/lib/ruby/gems/1.9.1/gems/activesupport-3.2.2/lib/active_support/testing/setup_and_teardown.rb:34:in `run'

 13) Error:
test_should_show_admin_dimension(Admin::DimensionsControllerTest):
NoMethodError: undefined method `admin_dimensions' for #<Admin::DimensionsControllerTest:0x5624520>
    c:/Ruby192/lib/ruby/gems/1.9.1/gems/actionpack-3.2.2/lib/action_dispatch/testing/assertions/routing.rb:176:in `method_missing'
    u:/tc-alr/test/functional/admin/dimensions_controller_test.rb:5:in `block in <class:DimensionsControllerTest>'
    c:/Ruby192/lib/ruby/gems/1.9.1/gems/activesupport-3.2.2/lib/active_support/callbacks.rb:484:in `_run__944873466__setup__546489260__callbacks'
    c:/Ruby192/lib/ruby/gems/1.9.1/gems/activesupport-3.2.2/lib/active_support/callbacks.rb:405:in `__run_callback'
    c:/Ruby192/lib/ruby/gems/1.9.1/gems/activesupport-3.2.2/lib/active_support/callbacks.rb:385:in `_run_setup_callbacks'
    c:/Ruby192/lib/ruby/gems/1.9.1/gems/activesupport-3.2.2/lib/active_support/callbacks.rb:81:in `run_callbacks'
    c:/Ruby192/lib/ruby/gems/1.9.1/gems/activesupport-3.2.2/lib/active_support/testing/setup_and_teardown.rb:34:in `run'

 14) Error:
test_should_update_admin_dimension(Admin::DimensionsControllerTest):
NoMethodError: undefined method `admin_dimensions' for #<Admin::DimensionsControllerTest:0x60f16c8>
    c:/Ruby192/lib/ruby/gems/1.9.1/gems/actionpack-3.2.2/lib/action_dispatch/testing/assertions/routing.rb:176:in `method_missing'
    u:/tc-alr/test/functional/admin/dimensions_controller_test.rb:5:in `block in <class:DimensionsControllerTest>'
    c:/Ruby192/lib/ruby/gems/1.9.1/gems/activesupport-3.2.2/lib/active_support/callbacks.rb:484:in `_run__944873466__setup__546489260__callbacks'
    c:/Ruby192/lib/ruby/gems/1.9.1/gems/activesupport-3.2.2/lib/active_support/callbacks.rb:405:in `__run_callback'
    c:/Ruby192/lib/ruby/gems/1.9.1/gems/activesupport-3.2.2/lib/active_support/callbacks.rb:385:in `_run_setup_callbacks'
    c:/Ruby192/lib/ruby/gems/1.9.1/gems/activesupport-3.2.2/lib/active_support/callbacks.rb:81:in `run_callbacks'
    c:/Ruby192/lib/ruby/gems/1.9.1/gems/activesupport-3.2.2/lib/active_support/testing/setup_and_teardown.rb:34:in `run'

 15) Error:
test_should_create_admin_fact(Admin::FactsControllerTest):
NoMethodError: undefined method `admin_facts' for #<Admin::FactsControllerTest:0x5900a18>
    c:/Ruby192/lib/ruby/gems/1.9.1/gems/actionpack-3.2.2/lib/action_dispatch/testing/assertions/routing.rb:176:in `method_missing'
    u:/tc-alr/test/functional/admin/facts_controller_test.rb:5:in `block in <class:FactsControllerTest>'
    c:/Ruby192/lib/ruby/gems/1.9.1/gems/activesupport-3.2.2/lib/active_support/callbacks.rb:484:in `_run__1044330488__setup__546489260__callbacks'
    c:/Ruby192/lib/ruby/gems/1.9.1/gems/activesupport-3.2.2/lib/active_support/callbacks.rb:405:in `__run_callback'
    c:/Ruby192/lib/ruby/gems/1.9.1/gems/activesupport-3.2.2/lib/active_support/callbacks.rb:385:in `_run_setup_callbacks'
    c:/Ruby192/lib/ruby/gems/1.9.1/gems/activesupport-3.2.2/lib/active_support/callbacks.rb:81:in `run_callbacks'
    c:/Ruby192/lib/ruby/gems/1.9.1/gems/activesupport-3.2.2/lib/active_support/testing/setup_and_teardown.rb:34:in `run'

 16) Error:
test_should_destroy_admin_fact(Admin::FactsControllerTest):
NoMethodError: undefined method `admin_facts' for #<Admin::FactsControllerTest:0x66b7420>
    c:/Ruby192/lib/ruby/gems/1.9.1/gems/actionpack-3.2.2/lib/action_dispatch/testing/assertions/routing.rb:176:in `method_missing'
    u:/tc-alr/test/functional/admin/facts_controller_test.rb:5:in `block in <class:FactsControllerTest>'
    c:/Ruby192/lib/ruby/gems/1.9.1/gems/activesupport-3.2.2/lib/active_support/callbacks.rb:484:in `_run__1044330488__setup__546489260__callbacks'
    c:/Ruby192/lib/ruby/gems/1.9.1/gems/activesupport-3.2.2/lib/active_support/callbacks.rb:405:in `__run_callback'
    c:/Ruby192/lib/ruby/gems/1.9.1/gems/activesupport-3.2.2/lib/active_support/callbacks.rb:385:in `_run_setup_callbacks'
    c:/Ruby192/lib/ruby/gems/1.9.1/gems/activesupport-3.2.2/lib/active_support/callbacks.rb:81:in `run_callbacks'
    c:/Ruby192/lib/ruby/gems/1.9.1/gems/activesupport-3.2.2/lib/active_support/testing/setup_and_teardown.rb:34:in `run'

 17) Error:
test_should_get_edit(Admin::FactsControllerTest):
NoMethodError: undefined method `admin_facts' for #<Admin::FactsControllerTest:0x5af9438>
    c:/Ruby192/lib/ruby/gems/1.9.1/gems/actionpack-3.2.2/lib/action_dispatch/testing/assertions/routing.rb:176:in `method_missing'
    u:/tc-alr/test/functional/admin/facts_controller_test.rb:5:in `block in <class:FactsControllerTest>'
    c:/Ruby192/lib/ruby/gems/1.9.1/gems/activesupport-3.2.2/lib/active_support/callbacks.rb:484:in `_run__1044330488__setup__546489260__callbacks'
    c:/Ruby192/lib/ruby/gems/1.9.1/gems/activesupport-3.2.2/lib/active_support/callbacks.rb:405:in `__run_callback'
    c:/Ruby192/lib/ruby/gems/1.9.1/gems/activesupport-3.2.2/lib/active_support/callbacks.rb:385:in `_run_setup_callbacks'
    c:/Ruby192/lib/ruby/gems/1.9.1/gems/activesupport-3.2.2/lib/active_support/callbacks.rb:81:in `run_callbacks'
    c:/Ruby192/lib/ruby/gems/1.9.1/gems/activesupport-3.2.2/lib/active_support/testing/setup_and_teardown.rb:34:in `run'

 18) Error:
test_should_get_index(Admin::FactsControllerTest):
NoMethodError: undefined method `admin_facts' for #<Admin::FactsControllerTest:0x5667870>
    c:/Ruby192/lib/ruby/gems/1.9.1/gems/actionpack-3.2.2/lib/action_dispatch/testing/assertions/routing.rb:176:in `method_missing'
    u:/tc-alr/test/functional/admin/facts_controller_test.rb:5:in `block in <class:FactsControllerTest>'
    c:/Ruby192/lib/ruby/gems/1.9.1/gems/activesupport-3.2.2/lib/active_support/callbacks.rb:484:in `_run__1044330488__setup__546489260__callbacks'
    c:/Ruby192/lib/ruby/gems/1.9.1/gems/activesupport-3.2.2/lib/active_support/callbacks.rb:405:in `__run_callback'
    c:/Ruby192/lib/ruby/gems/1.9.1/gems/activesupport-3.2.2/lib/active_support/callbacks.rb:385:in `_run_setup_callbacks'
    c:/Ruby192/lib/ruby/gems/1.9.1/gems/activesupport-3.2.2/lib/active_support/callbacks.rb:81:in `run_callbacks'
    c:/Ruby192/lib/ruby/gems/1.9.1/gems/activesupport-3.2.2/lib/active_support/testing/setup_and_teardown.rb:34:in `run'

 19) Error:
test_should_get_new(Admin::FactsControllerTest):
NoMethodError: undefined method `admin_facts' for #<Admin::FactsControllerTest:0x60f34b0>
    c:/Ruby192/lib/ruby/gems/1.9.1/gems/actionpack-3.2.2/lib/action_dispatch/testing/assertions/routing.rb:176:in `method_missing'
    u:/tc-alr/test/functional/admin/facts_controller_test.rb:5:in `block in <class:FactsControllerTest>'
    c:/Ruby192/lib/ruby/gems/1.9.1/gems/activesupport-3.2.2/lib/active_support/callbacks.rb:484:in `_run__1044330488__setup__546489260__callbacks'
    c:/Ruby192/lib/ruby/gems/1.9.1/gems/activesupport-3.2.2/lib/active_support/callbacks.rb:405:in `__run_callback'
    c:/Ruby192/lib/ruby/gems/1.9.1/gems/activesupport-3.2.2/lib/active_support/callbacks.rb:385:in `_run_setup_callbacks'
    c:/Ruby192/lib/ruby/gems/1.9.1/gems/activesupport-3.2.2/lib/active_support/callbacks.rb:81:in `run_callbacks'
    c:/Ruby192/lib/ruby/gems/1.9.1/gems/activesupport-3.2.2/lib/active_support/testing/setup_and_teardown.rb:34:in `run'

 20) Error:
test_should_show_admin_fact(Admin::FactsControllerTest):
NoMethodError: undefined method `admin_facts' for #<Admin::FactsControllerTest:0x58253a0>
    c:/Ruby192/lib/ruby/gems/1.9.1/gems/actionpack-3.2.2/lib/action_dispatch/testing/assertions/routing.rb:176:in `method_missing'
    u:/tc-alr/test/functional/admin/facts_controller_test.rb:5:in `block in <class:FactsControllerTest>'
    c:/Ruby192/lib/ruby/gems/1.9.1/gems/activesupport-3.2.2/lib/active_support/callbacks.rb:484:in `_run__1044330488__setup__546489260__callbacks'
    c:/Ruby192/lib/ruby/gems/1.9.1/gems/activesupport-3.2.2/lib/active_support/callbacks.rb:405:in `__run_callback'
    c:/Ruby192/lib/ruby/gems/1.9.1/gems/activesupport-3.2.2/lib/active_support/callbacks.rb:385:in `_run_setup_callbacks'
    c:/Ruby192/lib/ruby/gems/1.9.1/gems/activesupport-3.2.2/lib/active_support/callbacks.rb:81:in `run_callbacks'
    c:/Ruby192/lib/ruby/gems/1.9.1/gems/activesupport-3.2.2/lib/active_support/testing/setup_and_teardown.rb:34:in `run'

 21) Error:
test_should_update_admin_fact(Admin::FactsControllerTest):
NoMethodError: undefined method `admin_facts' for #<Admin::FactsControllerTest:0x66b7bd0>
    c:/Ruby192/lib/ruby/gems/1.9.1/gems/actionpack-3.2.2/lib/action_dispatch/testing/assertions/routing.rb:176:in `method_missing'
    u:/tc-alr/test/functional/admin/facts_controller_test.rb:5:in `block in <class:FactsControllerTest>'
    c:/Ruby192/lib/ruby/gems/1.9.1/gems/activesupport-3.2.2/lib/active_support/callbacks.rb:484:in `_run__1044330488__setup__546489260__callbacks'
    c:/Ruby192/lib/ruby/gems/1.9.1/gems/activesupport-3.2.2/lib/active_support/callbacks.rb:405:in `__run_callback'
    c:/Ruby192/lib/ruby/gems/1.9.1/gems/activesupport-3.2.2/lib/active_support/callbacks.rb:385:in `_run_setup_callbacks'
    c:/Ruby192/lib/ruby/gems/1.9.1/gems/activesupport-3.2.2/lib/active_support/callbacks.rb:81:in `run_callbacks'
    c:/Ruby192/lib/ruby/gems/1.9.1/gems/activesupport-3.2.2/lib/active_support/testing/setup_and_teardown.rb:34:in `run'

 22) Error:
test_should_create_admin_report(Admin::ReportsControllerTest):
NoMethodError: undefined method `admin_reports' for #<Admin::ReportsControllerTest:0x60f1008>
    c:/Ruby192/lib/ruby/gems/1.9.1/gems/actionpack-3.2.2/lib/action_dispatch/testing/assertions/routing.rb:176:in `method_missing'
    u:/tc-alr/test/functional/admin/reports_controller_test.rb:5:in `block in <class:ReportsControllerTest>'
    c:/Ruby192/lib/ruby/gems/1.9.1/gems/activesupport-3.2.2/lib/active_support/callbacks.rb:484:in `_run__726060051__setup__546489260__callbacks'
    c:/Ruby192/lib/ruby/gems/1.9.1/gems/activesupport-3.2.2/lib/active_support/callbacks.rb:405:in `__run_callback'
    c:/Ruby192/lib/ruby/gems/1.9.1/gems/activesupport-3.2.2/lib/active_support/callbacks.rb:385:in `_run_setup_callbacks'
    c:/Ruby192/lib/ruby/gems/1.9.1/gems/activesupport-3.2.2/lib/active_support/callbacks.rb:81:in `run_callbacks'
    c:/Ruby192/lib/ruby/gems/1.9.1/gems/activesupport-3.2.2/lib/active_support/testing/setup_and_teardown.rb:34:in `run'

 23) Error:
test_should_destroy_admin_report(Admin::ReportsControllerTest):
NoMethodError: undefined method `admin_reports' for #<Admin::ReportsControllerTest:0x5394558>
    c:/Ruby192/lib/ruby/gems/1.9.1/gems/actionpack-3.2.2/lib/action_dispatch/testing/assertions/routing.rb:176:in `method_missing'
    u:/tc-alr/test/functional/admin/reports_controller_test.rb:5:in `block in <class:ReportsControllerTest>'
    c:/Ruby192/lib/ruby/gems/1.9.1/gems/activesupport-3.2.2/lib/active_support/callbacks.rb:484:in `_run__726060051__setup__546489260__callbacks'
    c:/Ruby192/lib/ruby/gems/1.9.1/gems/activesupport-3.2.2/lib/active_support/callbacks.rb:405:in `__run_callback'
    c:/Ruby192/lib/ruby/gems/1.9.1/gems/activesupport-3.2.2/lib/active_support/callbacks.rb:385:in `_run_setup_callbacks'
    c:/Ruby192/lib/ruby/gems/1.9.1/gems/activesupport-3.2.2/lib/active_support/callbacks.rb:81:in `run_callbacks'
    c:/Ruby192/lib/ruby/gems/1.9.1/gems/activesupport-3.2.2/lib/active_support/testing/setup_and_teardown.rb:34:in `run'

 24) Error:
test_should_get_edit(Admin::ReportsControllerTest):
NoMethodError: undefined method `admin_reports' for #<Admin::ReportsControllerTest:0x5a1b8a0>
    c:/Ruby192/lib/ruby/gems/1.9.1/gems/actionpack-3.2.2/lib/action_dispatch/testing/assertions/routing.rb:176:in `method_missing'
    u:/tc-alr/test/functional/admin/reports_controller_test.rb:5:in `block in <class:ReportsControllerTest>'
    c:/Ruby192/lib/ruby/gems/1.9.1/gems/activesupport-3.2.2/lib/active_support/callbacks.rb:484:in `_run__726060051__setup__546489260__callbacks'
    c:/Ruby192/lib/ruby/gems/1.9.1/gems/activesupport-3.2.2/lib/active_support/callbacks.rb:405:in `__run_callback'
    c:/Ruby192/lib/ruby/gems/1.9.1/gems/activesupport-3.2.2/lib/active_support/callbacks.rb:385:in `_run_setup_callbacks'
    c:/Ruby192/lib/ruby/gems/1.9.1/gems/activesupport-3.2.2/lib/active_support/callbacks.rb:81:in `run_callbacks'
    c:/Ruby192/lib/ruby/gems/1.9.1/gems/activesupport-3.2.2/lib/active_support/testing/setup_and_teardown.rb:34:in `run'

 25) Error:
test_should_get_index(Admin::ReportsControllerTest):
NoMethodError: undefined method `admin_reports' for #<Admin::ReportsControllerTest:0x53953e0>
    c:/Ruby192/lib/ruby/gems/1.9.1/gems/actionpack-3.2.2/lib/action_dispatch/testing/assertions/routing.rb:176:in `method_missing'
    u:/tc-alr/test/functional/admin/reports_controller_test.rb:5:in `block in <class:ReportsControllerTest>'
    c:/Ruby192/lib/ruby/gems/1.9.1/gems/activesupport-3.2.2/lib/active_support/callbacks.rb:484:in `_run__726060051__setup__546489260__callbacks'
    c:/Ruby192/lib/ruby/gems/1.9.1/gems/activesupport-3.2.2/lib/active_support/callbacks.rb:405:in `__run_callback'
    c:/Ruby192/lib/ruby/gems/1.9.1/gems/activesupport-3.2.2/lib/active_support/callbacks.rb:385:in `_run_setup_callbacks'
    c:/Ruby192/lib/ruby/gems/1.9.1/gems/activesupport-3.2.2/lib/active_support/callbacks.rb:81:in `run_callbacks'
    c:/Ruby192/lib/ruby/gems/1.9.1/gems/activesupport-3.2.2/lib/active_support/testing/setup_and_teardown.rb:34:in `run'

 26) Error:
test_should_get_new(Admin::ReportsControllerTest):
NoMethodError: undefined method `admin_reports' for #<Admin::ReportsControllerTest:0x5daf380>
    c:/Ruby192/lib/ruby/gems/1.9.1/gems/actionpack-3.2.2/lib/action_dispatch/testing/assertions/routing.rb:176:in `method_missing'
    u:/tc-alr/test/functional/admin/reports_controller_test.rb:5:in `block in <class:ReportsControllerTest>'
    c:/Ruby192/lib/ruby/gems/1.9.1/gems/activesupport-3.2.2/lib/active_support/callbacks.rb:484:in `_run__726060051__setup__546489260__callbacks'
    c:/Ruby192/lib/ruby/gems/1.9.1/gems/activesupport-3.2.2/lib/active_support/callbacks.rb:405:in `__run_callback'
    c:/Ruby192/lib/ruby/gems/1.9.1/gems/activesupport-3.2.2/lib/active_support/callbacks.rb:385:in `_run_setup_callbacks'
    c:/Ruby192/lib/ruby/gems/1.9.1/gems/activesupport-3.2.2/lib/active_support/callbacks.rb:81:in `run_callbacks'
    c:/Ruby192/lib/ruby/gems/1.9.1/gems/activesupport-3.2.2/lib/active_support/testing/setup_and_teardown.rb:34:in `run'

 27) Error:
test_should_show_admin_report(Admin::ReportsControllerTest):
NoMethodError: undefined method `admin_reports' for #<Admin::ReportsControllerTest:0x5707b48>
    c:/Ruby192/lib/ruby/gems/1.9.1/gems/actionpack-3.2.2/lib/action_dispatch/testing/assertions/routing.rb:176:in `method_missing'
    u:/tc-alr/test/functional/admin/reports_controller_test.rb:5:in `block in <class:ReportsControllerTest>'
    c:/Ruby192/lib/ruby/gems/1.9.1/gems/activesupport-3.2.2/lib/active_support/callbacks.rb:484:in `_run__726060051__setup__546489260__callbacks'
    c:/Ruby192/lib/ruby/gems/1.9.1/gems/activesupport-3.2.2/lib/active_support/callbacks.rb:405:in `__run_callback'
    c:/Ruby192/lib/ruby/gems/1.9.1/gems/activesupport-3.2.2/lib/active_support/callbacks.rb:385:in `_run_setup_callbacks'
    c:/Ruby192/lib/ruby/gems/1.9.1/gems/activesupport-3.2.2/lib/active_support/callbacks.rb:81:in `run_callbacks'
    c:/Ruby192/lib/ruby/gems/1.9.1/gems/activesupport-3.2.2/lib/active_support/testing/setup_and_teardown.rb:34:in `run'

 28) Error:
test_should_update_admin_report(Admin::ReportsControllerTest):
NoMethodError: undefined method `admin_reports' for #<Admin::ReportsControllerTest:0x66b7c30>
    c:/Ruby192/lib/ruby/gems/1.9.1/gems/actionpack-3.2.2/lib/action_dispatch/testing/assertions/routing.rb:176:in `method_missing'
    u:/tc-alr/test/functional/admin/reports_controller_test.rb:5:in `block in <class:ReportsControllerTest>'
    c:/Ruby192/lib/ruby/gems/1.9.1/gems/activesupport-3.2.2/lib/active_support/callbacks.rb:484:in `_run__726060051__setup__546489260__callbacks'
    c:/Ruby192/lib/ruby/gems/1.9.1/gems/activesupport-3.2.2/lib/active_support/callbacks.rb:405:in `__run_callback'
    c:/Ruby192/lib/ruby/gems/1.9.1/gems/activesupport-3.2.2/lib/active_support/callbacks.rb:385:in `_run_setup_callbacks'
    c:/Ruby192/lib/ruby/gems/1.9.1/gems/activesupport-3.2.2/lib/active_support/callbacks.rb:81:in `run_callbacks'
    c:/Ruby192/lib/ruby/gems/1.9.1/gems/activesupport-3.2.2/lib/active_support/testing/setup_and_teardown.rb:34:in `run'

 29) Error:
test_should_attach_a_file(RawFilesControllerTest):
ActionController::RoutingError: No route matches {:raw_file=>{"id"=>"980190962", "file"=>"1343523333_pgadmin.log", "template"=>"teste, teste, teste", "created_at"=>"2012-11-15 11:09:21 -0200", "updated_at"=>"2012-11-15 11:09:21 -0200", "user_id"=>nil, "status"=>nil, "filename"=>"", "content_type"=>"", "header"=>nil}, :controller=>"raw_files", :action=>"attach"}
    c:/Ruby192/lib/ruby/gems/1.9.1/gems/actionpack-3.2.2/lib/action_dispatch/routing/route_set.rb:526:in `raise_routing_error'
    c:/Ruby192/lib/ruby/gems/1.9.1/gems/actionpack-3.2.2/lib/action_dispatch/routing/route_set.rb:522:in `rescue in generate'
    c:/Ruby192/lib/ruby/gems/1.9.1/gems/actionpack-3.2.2/lib/action_dispatch/routing/route_set.rb:514:in `generate'
    c:/Ruby192/lib/ruby/gems/1.9.1/gems/actionpack-3.2.2/lib/action_dispatch/routing/route_set.rb:555:in `generate'
    c:/Ruby192/lib/ruby/gems/1.9.1/gems/actionpack-3.2.2/lib/action_dispatch/routing/route_set.rb:551:in `generate_extras'
    c:/Ruby192/lib/ruby/gems/1.9.1/gems/actionpack-3.2.2/lib/action_dispatch/routing/route_set.rb:547:in `extra_keys'
    c:/Ruby192/lib/ruby/gems/1.9.1/gems/actionpack-3.2.2/lib/action_controller/test_case.rb:147:in `assign_parameters'
    c:/Ruby192/lib/ruby/gems/1.9.1/gems/actionpack-3.2.2/lib/action_controller/test_case.rb:453:in `process'
    c:/Ruby192/lib/ruby/gems/1.9.1/gems/actionpack-3.2.2/lib/action_controller/test_case.rb:49:in `process'
    c:/Ruby192/lib/ruby/gems/1.9.1/gems/actionpack-3.2.2/lib/action_controller/test_case.rb:385:in `post'
    u:/tc-alr/test/functional/raw_files_controller_test.rb:32:in `block (2 levels) in <class:RawFilesControllerTest>'
    c:/Ruby192/lib/ruby/gems/1.9.1/gems/activesupport-3.2.2/lib/active_support/testing/assertions.rb:55:in `assert_difference'
    u:/tc-alr/test/functional/raw_files_controller_test.rb:31:in `block in <class:RawFilesControllerTest>'

 30) Error:
test_should_create_raw_file(RawFilesControllerTest):
ActiveModel::MassAssignmentSecurity::Error: Can't mass-assign protected attributes: id, created_at, updated_at
    c:/Ruby192/lib/ruby/gems/1.9.1/gems/activemodel-3.2.2/lib/active_model/mass_assignment_security/sanitizer.rb:48:in `process_removed_attributes'
    c:/Ruby192/lib/ruby/gems/1.9.1/gems/activemodel-3.2.2/lib/active_model/mass_assignment_security/sanitizer.rb:20:in `debug_protected_attribute_removal'
    c:/Ruby192/lib/ruby/gems/1.9.1/gems/activemodel-3.2.2/lib/active_model/mass_assignment_security/sanitizer.rb:12:in `sanitize'
    c:/Ruby192/lib/ruby/gems/1.9.1/gems/activemodel-3.2.2/lib/active_model/mass_assignment_security.rb:228:in `sanitize_for_mass_assignment'
    c:/Ruby192/lib/ruby/gems/1.9.1/gems/activerecord-3.2.2/lib/active_record/attribute_assignment.rb:75:in `assign_attributes'
    c:/Ruby192/lib/ruby/gems/1.9.1/gems/activerecord-3.2.2/lib/active_record/base.rb:495:in `initialize'
    u:/tc-alr/app/controllers/raw_files_controller.rb:68:in `new'
    u:/tc-alr/app/controllers/raw_files_controller.rb:68:in `block in create'
    c:/Ruby192/lib/ruby/gems/1.9.1/gems/activerecord-3.2.2/lib/active_record/connection_adapters/abstract/database_statements.rb:192:in `transaction'
    c:/Ruby192/lib/ruby/gems/1.9.1/gems/activerecord-3.2.2/lib/active_record/transactions.rb:208:in `transaction'
    u:/tc-alr/app/controllers/raw_files_controller.rb:67:in `create'
    c:/Ruby192/lib/ruby/gems/1.9.1/gems/actionpack-3.2.2/lib/action_controller/metal/implicit_render.rb:4:in `send_action'
    c:/Ruby192/lib/ruby/gems/1.9.1/gems/actionpack-3.2.2/lib/abstract_controller/base.rb:167:in `process_action'
    c:/Ruby192/lib/ruby/gems/1.9.1/gems/actionpack-3.2.2/lib/action_controller/metal/rendering.rb:10:in `process_action'
    c:/Ruby192/lib/ruby/gems/1.9.1/gems/actionpack-3.2.2/lib/abstract_controller/callbacks.rb:18:in `block in process_action'
    c:/Ruby192/lib/ruby/gems/1.9.1/gems/activesupport-3.2.2/lib/active_support/callbacks.rb:436:in `_run__584143859__process_action__277236690__callbacks'
    c:/Ruby192/lib/ruby/gems/1.9.1/gems/activesupport-3.2.2/lib/active_support/callbacks.rb:405:in `__run_callback'
    c:/Ruby192/lib/ruby/gems/1.9.1/gems/activesupport-3.2.2/lib/active_support/callbacks.rb:385:in `_run_process_action_callbacks'
    c:/Ruby192/lib/ruby/gems/1.9.1/gems/activesupport-3.2.2/lib/active_support/callbacks.rb:81:in `run_callbacks'
    c:/Ruby192/lib/ruby/gems/1.9.1/gems/actionpack-3.2.2/lib/abstract_controller/callbacks.rb:17:in `process_action'
    c:/Ruby192/lib/ruby/gems/1.9.1/gems/actionpack-3.2.2/lib/action_controller/metal/rescue.rb:29:in `process_action'
    c:/Ruby192/lib/ruby/gems/1.9.1/gems/actionpack-3.2.2/lib/action_controller/metal/instrumentation.rb:30:in `block in process_action'
    c:/Ruby192/lib/ruby/gems/1.9.1/gems/activesupport-3.2.2/lib/active_support/notifications.rb:123:in `block in instrument'
    c:/Ruby192/lib/ruby/gems/1.9.1/gems/activesupport-3.2.2/lib/active_support/notifications/instrumenter.rb:20:in `instrument'
    c:/Ruby192/lib/ruby/gems/1.9.1/gems/activesupport-3.2.2/lib/active_support/notifications.rb:123:in `instrument'
    c:/Ruby192/lib/ruby/gems/1.9.1/gems/actionpack-3.2.2/lib/action_controller/metal/instrumentation.rb:29:in `process_action'
    c:/Ruby192/lib/ruby/gems/1.9.1/gems/actionpack-3.2.2/lib/action_controller/metal/params_wrapper.rb:205:in `process_action'
    c:/Ruby192/lib/ruby/gems/1.9.1/gems/activerecord-3.2.2/lib/active_record/railties/controller_runtime.rb:18:in `process_action'
    c:/Ruby192/lib/ruby/gems/1.9.1/gems/actionpack-3.2.2/lib/abstract_controller/base.rb:121:in `process'
    c:/Ruby192/lib/ruby/gems/1.9.1/gems/actionpack-3.2.2/lib/abstract_controller/rendering.rb:45:in `process'
    c:/Ruby192/lib/ruby/gems/1.9.1/gems/actionpack-3.2.2/lib/action_controller/metal/testing.rb:17:in `process_with_new_base_test'
    c:/Ruby192/lib/ruby/gems/1.9.1/gems/actionpack-3.2.2/lib/action_controller/test_case.rb:464:in `process'
    c:/Ruby192/lib/ruby/gems/1.9.1/gems/actionpack-3.2.2/lib/action_controller/test_case.rb:49:in `process'
    c:/Ruby192/lib/ruby/gems/1.9.1/gems/actionpack-3.2.2/lib/action_controller/test_case.rb:385:in `post'
    u:/tc-alr/test/functional/raw_files_controller_test.rb:24:in `block (2 levels) in <class:RawFilesControllerTest>'
    c:/Ruby192/lib/ruby/gems/1.9.1/gems/activesupport-3.2.2/lib/active_support/testing/assertions.rb:55:in `assert_difference'
    u:/tc-alr/test/functional/raw_files_controller_test.rb:23:in `block in <class:RawFilesControllerTest>'

 31) Failure:
test_should_destroy_raw_file(RawFilesControllerTest) [u:/tc-alr/test/functional/raw_files_controller_test.rb:54]:
"RawFile.count" didn't change by -1.
<1> expected but was
<2>.

 32) Failure:
test_should_get_edit(RawFilesControllerTest) [u:/tc-alr/test/functional/raw_files_controller_test.rb:45]:
Expected response to be a <:success>, but was <302>

 33) Failure:
test_should_get_index(RawFilesControllerTest) [u:/tc-alr/test/functional/raw_files_controller_test.rb:13]:
Expected response to be a <:success>, but was <302>

 34) Failure:
test_should_get_new(RawFilesControllerTest) [u:/tc-alr/test/functional/raw_files_controller_test.rb:19]:
Expected response to be a <:success>, but was <302>

 35) Failure:
test_should_show_raw_file(RawFilesControllerTest) [u:/tc-alr/test/functional/raw_files_controller_test.rb:40]:
Expected response to be a <:success>, but was <302>

 36) Failure:
test_should_update_raw_file(RawFilesControllerTest) [u:/tc-alr/test/functional/raw_files_controller_test.rb:50]:
Expected response to be a redirect to <http://test.host/upload/980190962> but was a redirect to <http://test.host/>

37 tests, 8 assertions, 6 failures, 30 errors, 0 skips

Test run options: --seed 49812
Errors running test:functionals! #<RuntimeError: Command failed with status (1): [c:/Ruby192/bin/ruby.exe -I"lib;test" -I"c:...]>
